// Jest Snapshot v1, https://goo.gl/fbAQLP

exports[`matches snapshots for the db stored_procedures: PROCEDURE SelectAllDisciples 1`] = `
"PROCEDURE SelectAllDisciples
        AS
            TYPE disc_tab IS TABLE OF kungfu_disciple%ROWTYPE INDEX BY PLS_INTEGER;
            all_disciples disc_tab;
        BEGIN
        SELECT * BULK COLLECT INTO all_disciples FROM kungfu_disciple WHERE id = 77;
        END;
    "
`;
